{"hello": "world"}
{"event": 123, "data": {"name": "submitteddenied"}}
{"partial": "broken"}
{"hi": "there"}
{"line": 5}
